\BOOKMARK [1][-]{section.6}{\376\377\000N\000u\000m\000e\000r\000i\000c\000a\000l\000\040\000m\000e\000t\000h\000o\000d\000o\000l\000o\000g\000y}{}% 1
\BOOKMARK [2][-]{subsection.6.1}{\376\377\000G\000e\000o\000m\000e\000t\000r\000i\000e\000s\000\040\000a\000n\000d\000\040\000d\000i\000s\000c\000r\000e\000t\000i\000s\000a\000t\000i\000o\000n\000s}{section.6}% 2
\BOOKMARK [2][-]{subsection.6.2}{\376\377\000R\000e\000f\000e\000r\000e\000n\000c\000e\000\040\000s\000y\000s\000t\000e\000m\000s\000\040\000a\000n\000d\000\040\000e\000r\000r\000o\000r\000\040\000m\000e\000t\000r\000i\000c\000s}{section.6}% 3
\BOOKMARK [2][-]{subsection.6.3}{\376\377\000F\000o\000u\000r\000\040\000m\000o\000d\000a\000l\000\040\000i\000n\000t\000e\000r\000f\000a\000c\000e\000\040\000s\000p\000a\000c\000e\000s}{section.6}% 4
\BOOKMARK [2][-]{subsection.6.4}{\376\377\000T\000i\000m\000i\000n\000g\000\040\000a\000n\000d\000\040\000s\000o\000l\000v\000e\000r\000\040\000p\000r\000o\000t\000o\000c\000o\000l}{section.6}% 5
\BOOKMARK [1][-]{section.7}{\376\377\000V\000e\000r\000i\000f\000i\000c\000a\000t\000i\000o\000n\000\040\000o\000f\000\040\000t\000h\000e\000\040\000r\000e\000f\000e\000r\000e\000n\000c\000e\000\040\000i\000m\000p\000l\000e\000m\000e\000n\000t\000a\000t\000i\000o\000n}{}% 6
\BOOKMARK [2][-]{subsection.7.1}{\376\377\000E\000x\000a\000c\000t\000-\000F\000E\000-\000S\000c\000h\000u\000r\000:\000\040\000S\000c\000h\000u\000r\000\040\000e\000l\000i\000m\000i\000n\000a\000t\000i\000o\000n\000\040\000c\000o\000d\000e\000\040\000v\000a\000l\000i\000d\000a\000t\000i\000o\000n}{section.7}% 7
\BOOKMARK [2][-]{subsection.7.2}{\376\377\000C\000o\000n\000s\000e\000r\000v\000a\000t\000i\000o\000n\000\040\000a\000n\000d\000\040\000a\000l\000g\000e\000b\000r\000a\000i\000c\000\040\000d\000i\000a\000g\000n\000o\000s\000t\000i\000c\000s}{section.7}% 8
\BOOKMARK [2][-]{subsection.7.3}{\376\377\000T\000h\000e\000o\000r\000y\000-\000l\000e\000v\000e\000l\000\040\000v\000e\000r\000i\000f\000i\000c\000a\000t\000i\000o\000n\000:\000\040\000n\000o\000t\000\040\000y\000e\000t\000\040\000c\000o\000m\000p\000u\000t\000e\000d}{section.7}% 9
\BOOKMARK [1][-]{section.8}{\376\377\000C\000o\000n\000t\000r\000o\000l\000l\000e\000d\000\040\000m\000o\000d\000a\000l\000\040\000e\000x\000p\000e\000r\000i\000m\000e\000n\000t\000s}{}% 10
\BOOKMARK [2][-]{subsection.8.1}{\376\377\000A\000b\000s\000o\000l\000u\000t\000e\000\040\000a\000c\000c\000u\000r\000a\000c\000y}{section.8}% 11
\BOOKMARK [2][-]{subsection.8.2}{\376\377\000A\000c\000c\000u\000r\000a\000c\000y\000\040\000v\000e\000r\000s\000u\000s\000\040\000m\000o\000d\000a\000l\000\040\000b\000u\000d\000g\000e\000t}{section.8}% 12
\BOOKMARK [2][-]{subsection.8.3}{\376\377\000M\000e\000t\000r\000i\000c\000\040\000c\000o\000m\000p\000a\000r\000i\000s\000o\000n\000\040\000a\000c\000r\000o\000s\000s\000\040\000g\000e\000o\000m\000e\000t\000r\000i\000e\000s}{section.8}% 13
\BOOKMARK [2][-]{subsection.8.4}{\376\377\000E\000q\000u\000a\000l\000-\000b\000u\000d\000g\000e\000t\000\040\000c\000o\000m\000p\000a\000r\000i\000s\000o\000n\000\040\000W\0000\000v\000\040\000v\000s\000.\000\040\000W\0001\000n\000:\000\040\000p\000l\000a\000n\000n\000e\000d}{section.8}% 14
\BOOKMARK [2][-]{subsection.8.5}{\376\377\000F\000i\000e\000l\000d\000\040\000v\000i\000s\000u\000a\000l\000i\000z\000a\000t\000i\000o\000n}{section.8}% 15
\BOOKMARK [1][-]{section.9}{\376\377\000L\000a\000r\000g\000e\000r\000\040\000h\000e\000t\000e\000r\000o\000g\000e\000n\000e\000o\000u\000s\000\040\000c\000o\000n\000f\000i\000g\000u\000r\000a\000t\000i\000o\000n\000\040\000\050\000H\000e\000t\000e\000r\000o\000g\000e\000n\000e\000o\000u\000s\000-\0001\0000\0000\000\051}{}% 16
\BOOKMARK [2][-]{subsection.9.1}{\376\377\000A\000c\000c\000u\000r\000a\000c\000y}{section.9}% 17
\BOOKMARK [2][-]{subsection.9.2}{\376\377\000C\000o\000s\000t\000\040\000a\000n\000d\000\040\000m\000e\000m\000o\000r\000y}{section.9}% 18
\BOOKMARK [2][-]{subsection.9.3}{\376\377\000A\000c\000c\000u\000r\000a\000c\000y\040\023\000c\000o\000s\000t\000\040\000t\000r\000a\000d\000e\000o\000f\000f}{section.9}% 19
\BOOKMARK [1][-]{section.10}{\376\377\000C\000r\000o\000s\000s\000-\000g\000e\000o\000m\000e\000t\000r\000y\000\040\000m\000o\000d\000a\000l\000\040\000a\000n\000a\000l\000y\000s\000i\000s}{}% 20
\BOOKMARK [2][-]{subsection.10.1}{\376\377\000O\000b\000s\000e\000r\000v\000e\000d\000\040\000F\000E\000M\000-\000r\000e\000l\000a\000t\000i\000v\000e\000\040\000e\000r\000r\000o\000r\000-\000r\000e\000d\000u\000c\000t\000i\000o\000n\000\040\000s\000h\000a\000r\000e\000s}{section.10}% 21
\BOOKMARK [2][-]{subsection.10.2}{\376\377\000S\000c\000h\000u\000r\000-\000e\000n\000e\000r\000g\000y\000\040\000p\000a\000t\000h\000w\000i\000s\000e\000\040\000d\000e\000c\000o\000m\000p\000o\000s\000i\000t\000i\000o\000n\000:\000\040\000p\000l\000a\000n\000n\000e\000d}{section.10}% 22
\BOOKMARK [2][-]{subsection.10.3}{\376\377\000G\000e\000o\000m\000e\000t\000r\000y\000\040\000d\000e\000p\000e\000n\000d\000e\000n\000c\000e\000\040\000a\000n\000d\000\040\000l\000i\000m\000i\000t\000a\000t\000i\000o\000n\000s}{section.10}% 23
