\BOOKMARK [1][-]{section.1}{\376\377\000N\000u\000m\000e\000r\000i\000c\000a\000l\000\040\000m\000e\000t\000h\000o\000d\000o\000l\000o\000g\000y}{}% 1
\BOOKMARK [2][-]{subsection.1.1}{\376\377\000G\000e\000o\000m\000e\000t\000r\000i\000e\000s\000\040\000a\000n\000d\000\040\000d\000i\000s\000c\000r\000e\000t\000i\000s\000a\000t\000i\000o\000n\000s}{section.1}% 2
\BOOKMARK [2][-]{subsection.1.2}{\376\377\000R\000e\000f\000e\000r\000e\000n\000c\000e\000\040\000s\000y\000s\000t\000e\000m\000s\000\040\000a\000n\000d\000\040\000e\000r\000r\000o\000r\000\040\000m\000e\000t\000r\000i\000c\000s}{section.1}% 3
\BOOKMARK [2][-]{subsection.1.3}{\376\377\000F\000o\000u\000r\000\040\000m\000o\000d\000a\000l\000\040\000i\000n\000t\000e\000r\000f\000a\000c\000e\000\040\000s\000p\000a\000c\000e\000s}{section.1}% 4
\BOOKMARK [2][-]{subsection.1.4}{\376\377\000T\000i\000m\000i\000n\000g\000\040\000a\000n\000d\000\040\000s\000o\000l\000v\000e\000r\000\040\000p\000r\000o\000t\000o\000c\000o\000l}{section.1}% 5
\BOOKMARK [1][-]{section.2}{\376\377\000V\000e\000r\000i\000f\000i\000c\000a\000t\000i\000o\000n\000\040\000o\000f\000\040\000t\000h\000e\000\040\000r\000e\000f\000e\000r\000e\000n\000c\000e\000\040\000i\000m\000p\000l\000e\000m\000e\000n\000t\000a\000t\000i\000o\000n}{}% 6
\BOOKMARK [2][-]{subsection.2.1}{\376\377\000E\000x\000a\000c\000t\000-\000F\000E\000-\000S\000c\000h\000u\000r\000:\000\040\000S\000c\000h\000u\000r\000\040\000e\000l\000i\000m\000i\000n\000a\000t\000i\000o\000n\000\040\000c\000o\000d\000e\000\040\000v\000a\000l\000i\000d\000a\000t\000i\000o\000n}{section.2}% 7
\BOOKMARK [2][-]{subsection.2.2}{\376\377\000C\000o\000n\000s\000e\000r\000v\000a\000t\000i\000o\000n\000\040\000a\000n\000d\000\040\000a\000l\000g\000e\000b\000r\000a\000i\000c\000\040\000d\000i\000a\000g\000n\000o\000s\000t\000i\000c\000s}{section.2}% 8
\BOOKMARK [2][-]{subsection.2.3}{\376\377\000T\000h\000e\000o\000r\000y\000-\000l\000e\000v\000e\000l\000\040\000v\000e\000r\000i\000f\000i\000c\000a\000t\000i\000o\000n\000:\000\040\000n\000o\000t\000\040\000y\000e\000t\000\040\000c\000o\000m\000p\000u\000t\000e\000d}{section.2}% 9
\BOOKMARK [1][-]{section.3}{\376\377\000C\000o\000n\000t\000r\000o\000l\000l\000e\000d\000\040\000m\000o\000d\000a\000l\000\040\000e\000x\000p\000e\000r\000i\000m\000e\000n\000t\000s}{}% 10
\BOOKMARK [2][-]{subsection.3.1}{\376\377\000A\000b\000s\000o\000l\000u\000t\000e\000\040\000a\000c\000c\000u\000r\000a\000c\000y}{section.3}% 11
\BOOKMARK [2][-]{subsection.3.2}{\376\377\000A\000c\000c\000u\000r\000a\000c\000y\000\040\000v\000e\000r\000s\000u\000s\000\040\000m\000o\000d\000a\000l\000\040\000b\000u\000d\000g\000e\000t}{section.3}% 12
\BOOKMARK [2][-]{subsection.3.3}{\376\377\000M\000e\000t\000r\000i\000c\000\040\000c\000o\000m\000p\000a\000r\000i\000s\000o\000n\000\040\000a\000c\000r\000o\000s\000s\000\040\000g\000e\000o\000m\000e\000t\000r\000i\000e\000s}{section.3}% 13
\BOOKMARK [2][-]{subsection.3.4}{\376\377\000E\000q\000u\000a\000l\000-\000b\000u\000d\000g\000e\000t\000\040\000c\000o\000m\000p\000a\000r\000i\000s\000o\000n\000\040\000W\0000\000v\000\040\000v\000s\000.\000\040\000W\0001\000n\000:\000\040\000p\000l\000a\000n\000n\000e\000d}{section.3}% 14
\BOOKMARK [2][-]{subsection.3.5}{\376\377\000F\000i\000e\000l\000d\000\040\000v\000i\000s\000u\000a\000l\000i\000z\000a\000t\000i\000o\000n\000\040\000\050\000R\000a\000n\000d\000o\000m\000-\0002\0007\000\051}{section.3}% 15
\BOOKMARK [1][-]{section.4}{\376\377\000R\000e\000a\000l\000i\000s\000t\000i\000c\000\040\000p\000o\000r\000o\000u\000s\000\040\000s\000t\000r\000u\000c\000t\000u\000r\000e\000\040\000\050\000R\000e\000a\000l\000-\0001\0000\0000\000\051}{}% 16
\BOOKMARK [2][-]{subsection.4.1}{\376\377\000A\000c\000c\000u\000r\000a\000c\000y}{section.4}% 17
\BOOKMARK [2][-]{subsection.4.2}{\376\377\000C\000o\000s\000t\000\040\000a\000n\000d\000\040\000m\000e\000m\000o\000r\000y}{section.4}% 18
\BOOKMARK [2][-]{subsection.4.3}{\376\377\000A\000c\000c\000u\000r\000a\000c\000y\040\023\000c\000o\000s\000t\000\040\000t\000r\000a\000d\000e\000o\000f\000f}{section.4}% 19
\BOOKMARK [1][-]{section.5}{\376\377\000C\000r\000o\000s\000s\000-\000g\000e\000o\000m\000e\000t\000r\000y\000\040\000m\000o\000d\000a\000l\000\040\000a\000n\000a\000l\000y\000s\000i\000s}{}% 20
\BOOKMARK [2][-]{subsection.5.1}{\376\377\000O\000b\000s\000e\000r\000v\000e\000d\000\040\000F\000E\000M\000-\000r\000e\000l\000a\000t\000i\000v\000e\000\040\000e\000r\000r\000o\000r\000-\000r\000e\000d\000u\000c\000t\000i\000o\000n\000\040\000s\000h\000a\000r\000e\000s}{section.5}% 21
\BOOKMARK [2][-]{subsection.5.2}{\376\377\000S\000c\000h\000u\000r\000-\000e\000n\000e\000r\000g\000y\000\040\000p\000a\000t\000h\000w\000i\000s\000e\000\040\000d\000e\000c\000o\000m\000p\000o\000s\000i\000t\000i\000o\000n\000:\000\040\000p\000l\000a\000n\000n\000e\000d}{section.5}% 22
\BOOKMARK [2][-]{subsection.5.3}{\376\377\000G\000e\000o\000m\000e\000t\000r\000y\000\040\000d\000e\000p\000e\000n\000d\000e\000n\000c\000e\000\040\000a\000n\000d\000\040\000l\000i\000m\000i\000t\000a\000t\000i\000o\000n\000s}{section.5}% 23
